345678998765432345678876543   333333333333333333333333333333333
5
2343212
